{
	"dataType": "Hex",
	"type": "Parameter",
	"replaces": "replaces",
	"defaultValue": "defaultValue",
	"description": "description"
}